--- P: executed prerequisite certificates
[PASS] P1 stored interval logs  exit=0; RESULT: STORED INTERVAL LOGS PASS
[PASS] P2 all 3,149,013 finite rows and corrected error units  exit=0; RESULT PASS: full finite Triangle weld B=893927/5000000 rows=3149013 N=690988..3840000 gaps=0 overlaps=0 UNCERT=0 T_floor=0.000000791366 Emax=0.000000233494905212337849 binding_floor=0.000000557871094787
[PASS] P3 30 direct non-amortized finite singleton rows  exit=0; RESULT: DIRECT SINGLETON CERTIFICATES PASS
[PASS] P4 native Triangle-to-|f_t| binding  exit=0; RESULT: ALL PASS
[PASS] P5 continuous window-freeze and finite/tail site seam  exit=0; RESULT: ALL PASS; CERTIFIED WINDOW-FREEZE CONCLUSION: at t0=129/800, for every integer N in [690988,3840000] and every x in [x_N(t0),x_(N+1)(t0)), the producer's frozen gamma and kappa values are upper bounds and its frozen sigma value is a lower bound, uniformly for y in [sqrt(87677/2500000),sqrt(271/400)]. The criterion start X+sqrt(1-y0^2) lies strictly inside W_N0, so the finite windows cover from that closed start through x_(Nmid+1) with only the final right endpoint excluded.
[PASS] P6 native normalizer/correction at 180 bits  exit=0; RESULT ALL PASS precision 180
[PASS] P7 native normalizer/correction at 256 bits  exit=0; RESULT ALL PASS precision 256
[PASS] P8 target tail source-patch provenance  exit=0; RESULT: TAIL PATCH PROVENANCE PASS
[PASS] P9 independent Python interval tail at 160 bits  exit=0; RESULT: ALL PASS
[PASS] P10 independent Python interval tail at 256 bits  exit=0; RESULT: ALL PASS
[PASS] P11 standalone 256/512-bit FLINT/Arb tail certificates  exit=0; RESULT: SEALED INDEPENDENT ARB TAIL CERTIFICATES PASS
[PASS] P12 portable Linux/GCC/FLINT 3.0.1 883-prism barrier certificate  exit=0; RESULT: ALL PASS; BARRIER CONCLUSION: H_t is zero-free on the complete closed slab [X,X+1] x [0.1809,1] x [0,0.16125].
[PASS] P13 macOS/Clang/FLINT 3.6.0 883-prism cross-check  exit=0; RESULT: ALL PASS; BARRIER CONCLUSION: H_t is zero-free on the complete closed slab [X,X+1] x [0.1809,1] x [0,0.16125].
[PASS] P14 exact H0-to-zeta symmetry/sign map  exit=0; RESULT: CRITERION SIGN MAP PASS
[PASS] P15 conservative Proposition 6.6(vi) error-constant weld  exit=0; RESULT: CONSERVATIVE ERROR-CONSTANT WELD PASS
[PASS] P16 sealed Arb Dini y-transfer (numerator y-monotonicity) certificates  exit=0; RESULT: SEALED TRIANGLE Y-DINI CERTIFICATES PASS
[PASS] P17 authoritative 256/512-bit FLINT/Arb Proposition 4.10 error budget  exit=0; RESULT: SEALED ARB PROP410 CERTIFICATES PASS
--- A: exact candidate and criterion domain
[PASS] A1 exact candidate identity
[PASS] A2 exact decimal is 0.1787854
[PASS] A3 theorem time domain
[PASS] A4 final-height interval is nonempty
[PASS] A5 curved barrier edges are correctly ordered
[PASS] A6 theorem abscissa domain
--- I: Theorem 1.2 hypothesis (i), verified zeta height
[CITED THEOREM INPUT] Platt--Trudgian Theorem 1 verifies RH through T_PT=3000175332800.
[CITED CLASSICAL INPUT] eta(sigma)>0 and eta(sigma)=(1-2^(1-sigma))*zeta(sigma) give no real zeta zero for 0<sigma<1; s=1 is a pole.
[PASS] I1 X/2 is within the verified height
[PASS] I2 exact verified-height margin
--- II: Theorem 1.2 hypothesis (ii), final-time right half-line
[PASS] II1 finite row count
[PASS] II2 finite t-boxes contain the exact t0
[PASS] II3 tail lower box strictly straddles y0
[PASS] II4 tail extended box minimally covers the final height
[PASS] II5 finite and tail share the complete N=3840000 window  finite=[x*,x_3840001), tail=[x_3840000,infinity)
[PASS] II6 the half-open/closed-left union has no endpoint gap  x_3840001 belongs to the tail lane
--- III: Theorem 1.2 hypothesis (iii), closed barrier
[PASS] III1 barrier floor lies strictly below y0
[PASS] III2 exact barrier-floor squared margin
[PASS] III3 required horizontal width lies in the closed unit strip
[PASS] III4 barrier time top is exactly t0
[PASS] III5 the whole curved vertical interval is inside [0.1809,1]
--- W: canonical criterion weld
[CITED THEOREM INPUT] Polymath Theorem 1.2: hypotheses (i), (ii), and (iii) imply Lambda <= t0+y0^2/2.
[PASS] W1 hypothesis (i) exact domain and height predicates
[PASS] W2 hypothesis (ii) finite+tail certificates and coverage predicates
[PASS] W3 hypothesis (iii) dual barrier certificates and containment predicates
[PASS] W4 final rational substitution
TOTAL CHECKS RUN: 40
RESULT: UNCONDITIONAL CANDIDATE ASSEMBLY PASS
CONCLUSION: Lambda <= 893927/5000000 = 0.1787854.
STATUS: unreviewed computer-assisted unconditional proof candidate; not an established theorem.
